Copyright 1986-2022 Xilinx, Inc. All Rights Reserved. Copyright 2022-2023 Advanced Micro Devices, Inc. All Rights Reserved.
---------------------------------------------------------------------------------------------------------------------------------------------
| Tool Version : Vivado v.2023.2 (win64) Build 4029153 Fri Oct 13 20:14:34 MDT 2023
| Date         : Sat Oct  3 14:06:59 2026
| Host         : LAPTOP-QFA7V704 running 64-bit major release  (build 9200)
| Command      : report_control_sets -verbose -file can_stuff_destuff_demo_top_control_sets_placed.rpt
| Design       : can_stuff_destuff_demo_top
| Device       : xc7a100t
---------------------------------------------------------------------------------------------------------------------------------------------

Control Set Information

Table of Contents
-----------------
1. Summary
2. Histogram
3. Flip-Flop Distribution
4. Detailed Control Set Information

1. Summary
----------

+----------------------------------------------------------+-------+
|                          Status                          | Count |
+----------------------------------------------------------+-------+
| Total control sets                                       |     7 |
|    Minimum number of control sets                        |     7 |
|    Addition due to synthesis replication                 |     0 |
|    Addition due to physical synthesis replication        |     0 |
| Unused register locations in slices containing registers |    27 |
+----------------------------------------------------------+-------+
* Control sets can be merged at opt_design using control_set_merge or merge_equivalent_drivers
** Run report_qor_suggestions for automated merging and remapping suggestions


2. Histogram
------------

+--------------------+-------+
|       Fanout       | Count |
+--------------------+-------+
| Total control sets |     7 |
| >= 0 to < 4        |     1 |
| >= 4 to < 6        |     2 |
| >= 6 to < 8        |     2 |
| >= 8 to < 10       |     0 |
| >= 10 to < 12      |     0 |
| >= 12 to < 14      |     0 |
| >= 14 to < 16      |     0 |
| >= 16              |     2 |
+--------------------+-------+
* Control sets can be remapped at either synth_design or opt_design


3. Flip-Flop Distribution
-------------------------

+--------------+-----------------------+------------------------+-----------------+--------------+
| Clock Enable | Synchronous Set/Reset | Asynchronous Set/Reset | Total Registers | Total Slices |
+--------------+-----------------------+------------------------+-----------------+--------------+
| No           | No                    | No                     |               0 |            0 |
| No           | No                    | Yes                    |              65 |           19 |
| No           | Yes                   | No                     |               0 |            0 |
| Yes          | No                    | No                     |               0 |            0 |
| Yes          | No                    | Yes                    |              44 |           11 |
| Yes          | Yes                   | No                     |               0 |            0 |
+--------------+-----------------------+------------------------+-----------------+--------------+


4. Detailed Control Set Information
-----------------------------------

+----------------+---------------------------+------------------+------------------+----------------+--------------+
|  Clock Signal  |       Enable Signal       | Set/Reset Signal | Slice Load Count | Bel Load Count | Bels / Slice |
+----------------+---------------------------+------------------+------------------+----------------+--------------+
|  clk_IBUF_BUFG | u_destuffer/err_r         | rst_btn_raw_IBUF |                1 |              1 |         1.00 |
|  clk_IBUF_BUFG | u_stuffer/bit_out_valid_w | rst_btn_raw_IBUF |                1 |              4 |         4.00 |
|  clk_IBUF_BUFG | u_stuffer/E[0]            | rst_btn_raw_IBUF |                1 |              5 |         5.00 |
|  clk_IBUF_BUFG | u_destuffer/E[0]          | rst_btn_raw_IBUF |                1 |              6 |         6.00 |
|  clk_IBUF_BUFG | u_stuffer/bit_tick        | rst_btn_raw_IBUF |                2 |              7 |         3.50 |
|  clk_IBUF_BUFG | db_cnt[20]_i_1_n_0        | rst_btn_raw_IBUF |                5 |             21 |         4.20 |
|  clk_IBUF_BUFG |                           | rst_btn_raw_IBUF |               19 |             65 |         3.42 |
+----------------+---------------------------+------------------+------------------+----------------+--------------+


