Time resolution is 1 ps
[PASS] T1 original vector (20 raw -> 23 on bus)
[PASS] T2a CRC ends on 5x1 (14 raw -> 15 on bus)
[PASS] T2b CRC ends on 5x0 (14 raw -> 15 on bus)
[PASS] T3a 40x0 (40 raw -> 48 on bus)
[PASS] T3b 40x1 (40 raw -> 48 on bus)
[PASS] T4 rand#0 (75 raw -> 77 on bus)
[PASS] T4 rand#1 (30 raw -> 32 on bus)
[PASS] T4 rand#2 (23 raw -> 24 on bus)
[PASS] T4 rand#3 (33 raw -> 35 on bus)
[PASS] T4 rand#4 (23 raw -> 26 on bus)
[PASS] T4 rand#5 (74 raw -> 79 on bus)
[PASS] T4 rand#6 (49 raw -> 53 on bus)
[PASS] T4 rand#7 (52 raw -> 53 on bus)
[PASS] T4 rand#8 (32 raw -> 33 on bus)
[PASS] T4 rand#9 (43 raw -> 44 on bus)
[PASS] T4 rand#10 (45 raw -> 46 on bus)
[PASS] T4 rand#11 (53 raw -> 55 on bus)
[PASS] T4 rand#12 (42 raw -> 46 on bus)
[PASS] T4 rand#13 (67 raw -> 71 on bus)
[PASS] T4 rand#14 (52 raw -> 56 on bus)
[PASS] T4 rand#15 (73 raw -> 80 on bus)
[PASS] T4 rand#16 (33 raw -> 35 on bus)
[PASS] T4 rand#17 (24 raw -> 25 on bus)
[PASS] T4 rand#18 (21 raw -> 21 on bus)
[PASS] T4 rand#19 (66 raw -> 69 on bus)
[PASS] T4 rand#20 (62 raw -> 64 on bus)
[PASS] T4 rand#21 (36 raw -> 39 on bus)
[PASS] T4 rand#22 (66 raw -> 71 on bus)
[PASS] T4 rand#23 (34 raw -> 35 on bus)
[PASS] T4 rand#24 (63 raw -> 64 on bus)
[PASS] T4 rand#25 (29 raw -> 30 on bus)
[PASS] T4 rand#26 (26 raw -> 26 on bus)
[PASS] T4 rand#27 (32 raw -> 36 on bus)
[PASS] T4 rand#28 (67 raw -> 69 on bus)
[PASS] T4 rand#29 (24 raw -> 25 on bus)
[PASS] T4 rand#30 (20 raw -> 21 on bus)
[PASS] T4 rand#31 (25 raw -> 27 on bus)
[PASS] T4 rand#32 (76 raw -> 82 on bus)
[PASS] T4 rand#33 (52 raw -> 55 on bus)
[PASS] T4 rand#34 (25 raw -> 26 on bus)
[PASS] T4 rand#35 (59 raw -> 62 on bus)
[PASS] T4 rand#36 (67 raw -> 74 on bus)
[PASS] T4 rand#37 (76 raw -> 79 on bus)
[PASS] T4 rand#38 (50 raw -> 55 on bus)
[PASS] T4 rand#39 (38 raw -> 39 on bus)
[PASS] T4 rand#40 (20 raw -> 20 on bus)
[PASS] T4 rand#41 (73 raw -> 76 on bus)
[PASS] T4 rand#42 (65 raw -> 69 on bus)
[PASS] T4 rand#43 (78 raw -> 78 on bus)
[PASS] T4 rand#44 (79 raw -> 87 on bus)
[PASS] T4 rand#45 (23 raw -> 25 on bus)
[PASS] T4 rand#46 (69 raw -> 70 on bus)
[PASS] T4 rand#47 (66 raw -> 69 on bus)
[PASS] T4 rand#48 (45 raw -> 46 on bus)
[PASS] T4 rand#49 (27 raw -> 27 on bus)
[PASS] T4 rand#50 (56 raw -> 56 on bus)
[PASS] T4 rand#51 (46 raw -> 48 on bus)
[PASS] T4 rand#52 (65 raw -> 67 on bus)
[PASS] T4 rand#53 (55 raw -> 60 on bus)
[PASS] T4 rand#54 (74 raw -> 82 on bus)
[PASS] T4 rand#55 (37 raw -> 38 on bus)
[PASS] T4 rand#56 (34 raw -> 39 on bus)
[PASS] T4 rand#57 (47 raw -> 48 on bus)
[PASS] T4 rand#58 (23 raw -> 23 on bus)
[PASS] T4 rand#59 (45 raw -> 45 on bus)
[PASS] T4 rand#60 (54 raw -> 57 on bus)
[PASS] T4 rand#61 (28 raw -> 28 on bus)
[PASS] T4 rand#62 (52 raw -> 55 on bus)
[PASS] T4 rand#63 (78 raw -> 79 on bus)
[PASS] T4 rand#64 (64 raw -> 65 on bus)
[PASS] T4 rand#65 (48 raw -> 51 on bus)
[PASS] T4 rand#66 (26 raw -> 26 on bus)
[PASS] T4 rand#67 (22 raw -> 23 on bus)
[PASS] T4 rand#68 (62 raw -> 65 on bus)
[PASS] T4 rand#69 (70 raw -> 71 on bus)
[PASS] T4 rand#70 (37 raw -> 37 on bus)
[PASS] T4 rand#71 (22 raw -> 23 on bus)
[PASS] T4 rand#72 (70 raw -> 74 on bus)
[PASS] T4 rand#73 (68 raw -> 73 on bus)
[PASS] T4 rand#74 (33 raw -> 33 on bus)
[PASS] T4 rand#75 (30 raw -> 31 on bus)
[PASS] T4 rand#76 (39 raw -> 41 on bus)
[PASS] T4 rand#77 (48 raw -> 53 on bus)
[PASS] T4 rand#78 (66 raw -> 67 on bus)
[PASS] T4 rand#79 (58 raw -> 59 on bus)
[PASS] T4 rand#80 (77 raw -> 79 on bus)
[PASS] T4 rand#81 (39 raw -> 41 on bus)
[PASS] T4 rand#82 (65 raw -> 74 on bus)
[PASS] T4 rand#83 (33 raw -> 36 on bus)
[PASS] T4 rand#84 (72 raw -> 80 on bus)
[PASS] T4 rand#85 (40 raw -> 42 on bus)
[PASS] T4 rand#86 (43 raw -> 45 on bus)
[PASS] T4 rand#87 (37 raw -> 38 on bus)
[PASS] T4 rand#88 (32 raw -> 33 on bus)
[PASS] T4 rand#89 (20 raw -> 21 on bus)
[PASS] T4 rand#90 (40 raw -> 45 on bus)
[PASS] T4 rand#91 (64 raw -> 67 on bus)
[PASS] T4 rand#92 (63 raw -> 65 on bus)
[PASS] T4 rand#93 (70 raw -> 75 on bus)
[PASS] T4 rand#94 (28 raw -> 28 on bus)
[PASS] T4 rand#95 (32 raw -> 33 on bus)
[PASS] T4 rand#96 (67 raw -> 67 on bus)
[PASS] T4 rand#97 (71 raw -> 75 on bus)
[PASS] T4 rand#98 (70 raw -> 74 on bus)
[PASS] T4 rand#99 (40 raw -> 43 on bus)
[PASS] T4 rand#100 (34 raw -> 36 on bus)
[PASS] T4 rand#101 (64 raw -> 66 on bus)
[PASS] T4 rand#102 (69 raw -> 72 on bus)
[PASS] T4 rand#103 (54 raw -> 54 on bus)
[PASS] T4 rand#104 (35 raw -> 35 on bus)
[PASS] T4 rand#105 (46 raw -> 47 on bus)
[PASS] T4 rand#106 (55 raw -> 58 on bus)
[PASS] T4 rand#107 (27 raw -> 27 on bus)
[PASS] T4 rand#108 (63 raw -> 65 on bus)
[PASS] T4 rand#109 (40 raw -> 41 on bus)
[PASS] T4 rand#110 (25 raw -> 27 on bus)
[PASS] T4 rand#111 (40 raw -> 40 on bus)
[PASS] T4 rand#112 (44 raw -> 45 on bus)
[PASS] T4 rand#113 (67 raw -> 68 on bus)
[PASS] T4 rand#114 (67 raw -> 73 on bus)
[PASS] T4 rand#115 (49 raw -> 50 on bus)
[PASS] T4 rand#116 (28 raw -> 29 on bus)
[PASS] T4 rand#117 (72 raw -> 73 on bus)
[PASS] T4 rand#118 (75 raw -> 77 on bus)
[PASS] T4 rand#119 (30 raw -> 30 on bus)
[PASS] T4 rand#120 (38 raw -> 41 on bus)
[PASS] T4 rand#121 (48 raw -> 49 on bus)
[PASS] T4 rand#122 (22 raw -> 22 on bus)
[PASS] T4 rand#123 (23 raw -> 25 on bus)
[PASS] T4 rand#124 (35 raw -> 38 on bus)
[PASS] T4 rand#125 (77 raw -> 82 on bus)
[PASS] T4 rand#126 (51 raw -> 53 on bus)
[PASS] T4 rand#127 (65 raw -> 69 on bus)
[PASS] T4 rand#128 (24 raw -> 25 on bus)
[PASS] T4 rand#129 (40 raw -> 44 on bus)
[PASS] T4 rand#130 (62 raw -> 69 on bus)
[PASS] T4 rand#131 (37 raw -> 38 on bus)
[PASS] T4 rand#132 (37 raw -> 37 on bus)
[PASS] T4 rand#133 (34 raw -> 35 on bus)
[PASS] T4 rand#134 (34 raw -> 37 on bus)
[PASS] T4 rand#135 (77 raw -> 85 on bus)
[PASS] T4 rand#136 (25 raw -> 27 on bus)
[PASS] T4 rand#137 (46 raw -> 48 on bus)
[PASS] T4 rand#138 (27 raw -> 27 on bus)
[PASS] T4 rand#139 (64 raw -> 67 on bus)
[PASS] T4 rand#140 (55 raw -> 58 on bus)
[PASS] T4 rand#141 (70 raw -> 77 on bus)
[PASS] T4 rand#142 (44 raw -> 48 on bus)
[PASS] T4 rand#143 (30 raw -> 33 on bus)
[PASS] T4 rand#144 (65 raw -> 70 on bus)
[PASS] T4 rand#145 (70 raw -> 75 on bus)
[PASS] T4 rand#146 (44 raw -> 47 on bus)
[PASS] T4 rand#147 (70 raw -> 72 on bus)
[PASS] T4 rand#148 (35 raw -> 36 on bus)
[PASS] T4 rand#149 (59 raw -> 65 on bus)
[PASS] T4 rand#150 (54 raw -> 54 on bus)
[PASS] T4 rand#151 (36 raw -> 37 on bus)
[PASS] T4 rand#152 (32 raw -> 37 on bus)
[PASS] T4 rand#153 (34 raw -> 37 on bus)
[PASS] T4 rand#154 (39 raw -> 44 on bus)
[PASS] T4 rand#155 (36 raw -> 37 on bus)
[PASS] T4 rand#156 (40 raw -> 43 on bus)
[PASS] T4 rand#157 (75 raw -> 80 on bus)
[PASS] T4 rand#158 (56 raw -> 58 on bus)
[PASS] T4 rand#159 (59 raw -> 62 on bus)
[PASS] T4 rand#160 (67 raw -> 71 on bus)
[PASS] T4 rand#161 (41 raw -> 42 on bus)
[PASS] T4 rand#162 (20 raw -> 20 on bus)
[PASS] T4 rand#163 (42 raw -> 47 on bus)
[PASS] T4 rand#164 (76 raw -> 85 on bus)
[PASS] T4 rand#165 (49 raw -> 49 on bus)
[PASS] T4 rand#166 (67 raw -> 71 on bus)
[PASS] T4 rand#167 (71 raw -> 74 on bus)
[PASS] T4 rand#168 (34 raw -> 38 on bus)
[PASS] T4 rand#169 (62 raw -> 67 on bus)
[PASS] T4 rand#170 (60 raw -> 60 on bus)
[PASS] T4 rand#171 (20 raw -> 23 on bus)
[PASS] T4 rand#172 (62 raw -> 65 on bus)
[PASS] T4 rand#173 (26 raw -> 26 on bus)
[PASS] T4 rand#174 (45 raw -> 46 on bus)
[PASS] T4 rand#175 (71 raw -> 77 on bus)
[PASS] T4 rand#176 (40 raw -> 42 on bus)
[PASS] T4 rand#177 (61 raw -> 63 on bus)
[PASS] T4 rand#178 (26 raw -> 28 on bus)
[PASS] T4 rand#179 (40 raw -> 41 on bus)
[PASS] T4 rand#180 (45 raw -> 45 on bus)
[PASS] T4 rand#181 (33 raw -> 35 on bus)
[PASS] T4 rand#182 (61 raw -> 61 on bus)
[PASS] T4 rand#183 (66 raw -> 68 on bus)
[PASS] T4 rand#184 (73 raw -> 79 on bus)
[PASS] T4 rand#185 (66 raw -> 70 on bus)
[PASS] T4 rand#186 (44 raw -> 46 on bus)
[PASS] T4 rand#187 (52 raw -> 56 on bus)
[PASS] T4 rand#188 (63 raw -> 65 on bus)
[PASS] T4 rand#189 (35 raw -> 37 on bus)
[PASS] T4 rand#190 (40 raw -> 45 on bus)
[PASS] T4 rand#191 (73 raw -> 79 on bus)
[PASS] T4 rand#192 (70 raw -> 75 on bus)
[PASS] T4 rand#193 (49 raw -> 51 on bus)
[PASS] T4 rand#194 (32 raw -> 33 on bus)
[PASS] T4 rand#195 (23 raw -> 24 on bus)
[PASS] T4 rand#196 (42 raw -> 44 on bus)
[PASS] T4 rand#197 (31 raw -> 31 on bus)
[PASS] T4 rand#198 (57 raw -> 60 on bus)
[PASS] T4 rand#199 (28 raw -> 30 on bus)
[PASS] T4 rand#200 (52 raw -> 53 on bus)
[PASS] T4 rand#201 (21 raw -> 21 on bus)
[PASS] T4 rand#202 (31 raw -> 34 on bus)
[PASS] T4 rand#203 (29 raw -> 29 on bus)
[PASS] T4 rand#204 (39 raw -> 42 on bus)
[PASS] T4 rand#205 (55 raw -> 55 on bus)
[PASS] T4 rand#206 (46 raw -> 49 on bus)
[PASS] T4 rand#207 (54 raw -> 54 on bus)
[PASS] T4 rand#208 (52 raw -> 55 on bus)
[PASS] T4 rand#209 (38 raw -> 42 on bus)
[PASS] T4 rand#210 (56 raw -> 58 on bus)
[PASS] T4 rand#211 (38 raw -> 38 on bus)
[PASS] T4 rand#212 (53 raw -> 53 on bus)
[PASS] T4 rand#213 (56 raw -> 62 on bus)
[PASS] T4 rand#214 (40 raw -> 45 on bus)
[PASS] T4 rand#215 (63 raw -> 68 on bus)
[PASS] T4 rand#216 (41 raw -> 44 on bus)
[PASS] T4 rand#217 (49 raw -> 49 on bus)
[PASS] T4 rand#218 (74 raw -> 77 on bus)
[PASS] T4 rand#219 (63 raw -> 64 on bus)
[PASS] T4 rand#220 (70 raw -> 71 on bus)
[PASS] T4 rand#221 (31 raw -> 36 on bus)
[PASS] T4 rand#222 (78 raw -> 78 on bus)
[PASS] T4 rand#223 (37 raw -> 40 on bus)
[PASS] T4 rand#224 (21 raw -> 22 on bus)
[PASS] T4 rand#225 (64 raw -> 70 on bus)
[PASS] T4 rand#226 (75 raw -> 76 on bus)
[PASS] T4 rand#227 (64 raw -> 68 on bus)
[PASS] T4 rand#228 (57 raw -> 62 on bus)
[PASS] T4 rand#229 (54 raw -> 54 on bus)
[PASS] T4 rand#230 (39 raw -> 40 on bus)
[PASS] T4 rand#231 (31 raw -> 32 on bus)
[PASS] T4 rand#232 (28 raw -> 31 on bus)
[PASS] T4 rand#233 (73 raw -> 75 on bus)
[PASS] T4 rand#234 (59 raw -> 63 on bus)
[PASS] T4 rand#235 (63 raw -> 67 on bus)
[PASS] T4 rand#236 (76 raw -> 82 on bus)
[PASS] T4 rand#237 (63 raw -> 69 on bus)
[PASS] T4 rand#238 (40 raw -> 41 on bus)
[PASS] T4 rand#239 (25 raw -> 27 on bus)
[PASS] T4 rand#240 (50 raw -> 53 on bus)
[PASS] T4 rand#241 (63 raw -> 69 on bus)
[PASS] T4 rand#242 (77 raw -> 80 on bus)
[PASS] T4 rand#243 (40 raw -> 40 on bus)
[PASS] T4 rand#244 (21 raw -> 21 on bus)
[PASS] T4 rand#245 (79 raw -> 81 on bus)
[PASS] T4 rand#246 (45 raw -> 46 on bus)
[PASS] T4 rand#247 (45 raw -> 49 on bus)
[PASS] T4 rand#248 (53 raw -> 53 on bus)
[PASS] T4 rand#249 (57 raw -> 57 on bus)
[PASS] T4 rand#250 (36 raw -> 37 on bus)
[PASS] T4 rand#251 (20 raw -> 21 on bus)
[PASS] T4 rand#252 (55 raw -> 58 on bus)
[PASS] T4 rand#253 (27 raw -> 28 on bus)
[PASS] T4 rand#254 (46 raw -> 48 on bus)
[PASS] T4 rand#255 (51 raw -> 53 on bus)
[PASS] T4 rand#256 (52 raw -> 52 on bus)
[PASS] T4 rand#257 (31 raw -> 31 on bus)
[PASS] T4 rand#258 (46 raw -> 50 on bus)
[PASS] T4 rand#259 (61 raw -> 65 on bus)
[PASS] T4 rand#260 (47 raw -> 51 on bus)
[PASS] T4 rand#261 (27 raw -> 28 on bus)
[PASS] T4 rand#262 (31 raw -> 34 on bus)
[PASS] T4 rand#263 (27 raw -> 28 on bus)
[PASS] T4 rand#264 (77 raw -> 77 on bus)
[PASS] T4 rand#265 (39 raw -> 41 on bus)
[PASS] T4 rand#266 (68 raw -> 71 on bus)
[PASS] T4 rand#267 (26 raw -> 27 on bus)
[PASS] T4 rand#268 (45 raw -> 46 on bus)
[PASS] T4 rand#269 (70 raw -> 73 on bus)
[PASS] T4 rand#270 (64 raw -> 69 on bus)
[PASS] T4 rand#271 (28 raw -> 29 on bus)
[PASS] T4 rand#272 (76 raw -> 78 on bus)
[PASS] T4 rand#273 (70 raw -> 75 on bus)
[PASS] T4 rand#274 (36 raw -> 38 on bus)
[PASS] T4 rand#275 (24 raw -> 26 on bus)
[PASS] T4 rand#276 (50 raw -> 50 on bus)
[PASS] T4 rand#277 (75 raw -> 80 on bus)
[PASS] T4 rand#278 (63 raw -> 67 on bus)
[PASS] T4 rand#279 (59 raw -> 64 on bus)
[PASS] T4 rand#280 (28 raw -> 31 on bus)
[PASS] T4 rand#281 (64 raw -> 70 on bus)
[PASS] T4 rand#282 (45 raw -> 45 on bus)
[PASS] T4 rand#283 (20 raw -> 20 on bus)
[PASS] T4 rand#284 (32 raw -> 34 on bus)
[PASS] T4 rand#285 (76 raw -> 78 on bus)
[PASS] T4 rand#286 (25 raw -> 27 on bus)
[PASS] T4 rand#287 (30 raw -> 31 on bus)
[PASS] T4 rand#288 (60 raw -> 62 on bus)
[PASS] T4 rand#289 (79 raw -> 80 on bus)
[PASS] T4 rand#290 (61 raw -> 66 on bus)
[PASS] T4 rand#291 (32 raw -> 33 on bus)
[PASS] T4 rand#292 (32 raw -> 33 on bus)
[PASS] T4 rand#293 (36 raw -> 39 on bus)
[PASS] T4 rand#294 (48 raw -> 48 on bus)
[PASS] T4 rand#295 (48 raw -> 48 on bus)
[PASS] T4 rand#296 (59 raw -> 59 on bus)
[PASS] T4 rand#297 (29 raw -> 29 on bus)
[PASS] T4 rand#298 (65 raw -> 65 on bus)
[PASS] T4 rand#299 (78 raw -> 82 on bus)
      (42 of 305 frames exercised the trailing-stuff-bit case)
[PASS] T5 stuff_error is a 1-clk pulse
----------------------------------------------------
ALL BIT-STUFFING TESTS PASSED (305 frame tests)
----------------------------------------------------
$finish called at time : 1575160 ns : File "D:/new/can_bit_stuffing/can_bit_stuffing.srcs/sim_1/new/tb_can_bit_stuffing.sv" Line 230
